#-----------------------------------------------------------
# Vivado v2018.3 (64-bit)
# SW Build 2405991 on Thu Dec  6 23:38:27 MST 2018
# IP Build 2404404 on Fri Dec  7 01:43:56 MST 2018
# Start of session at: Sat Jun 26 08:42:06 2021
# Process ID: 3196
# Current directory: C:/Users/X/Documents/GitHub/RISCVCPU/RISCV
# Command line: vivado.exe -gui_launcher_event rodinguilauncherevent17116 C:\Users\X\Documents\GitHub\RISCVCPU\RISCV\RISCV.xpr
# Log file: C:/Users/X/Documents/GitHub/RISCVCPU/RISCV/vivado.log
# Journal file: C:/Users/X/Documents/GitHub/RISCVCPU/RISCV\vivado.jou
#-----------------------------------------------------------
start_gui
open_project C:/Users/X/Documents/GitHub/RISCVCPU/RISCV/RISCV.xpr
update_compile_order -fileset sources_1
launch_simulation
open_wave_config C:/Users/X/Documents/GitHub/RISCVCPU/RISCV/IF_sim_behav.wcfg
source TOP.tcl
restart
close_sim
update_compile_order -fileset sources_1
update_compile_order -fileset sim_1
update_compile_order -fileset sources_1
update_compile_order -fileset sim_1
